White
Beige
Pink
Black
Orange
Orange Multi
Ivory
Turquoise
Aqua
Grey
Neon Pink
Yellow
Salmon
Rosy Brown
Lilac
Brown
Hot Pink Teal
Light Pink
Lavender
Black And White
Red
Lime
Hot Pink
Fuchsia
Navy
Green
Blue
Lime
Dark Blue
Purple
Green
Light Blue
Silver
Neon Orange
Sky Blue
Blue
Yellow
Burgundy
Royal Blue
Navy
Gray
Slate Blue
Pale Pink
Magenta
Dark Turquoise
Peach
Burnt Orange
Tan
Multi-Color
Cream
Multi
Mocha
Brown And Teal
Gold
Taupe
Mustard
Dark Blue
Fuchsia
Mint
Ivory
Light Brown
Coral
Dark Brown
Burnt Red
Indigo
Sea-Green
Plum
Dark Magenta
Olive
Violet
Pale Green
Lavender
Pale Purple
Lime Green
Beige
Purple
Coral
Sandy Brown
Multi
Sand
Black And Red
Camo
Light Gray
Latte Brown
Faded Blue
Dark Grey
Light Grey
Navy Blue
Metallic Ivory
Medium Blue
Steel Blue
Off White
Pale Lime
Neon Pink
Peach
Khaki
Pistachio
Super Dark
Steel Grey
Sandy
Super Dark Blue
Camel
Victorian Red
Multi-Color
Faded Brown
Crimson
Dark
Dim Grey
Pink Pastel
Beige
Brick
Black And Gold
Black And Burgundy
Black And Gray
Black and Beige
Maroon
Wine
Sienna
Bright Yellow
Salmon
Dodger Blue
Spearmint
Bubblegum Pink
Bright Blue
Bright Green
Hot Pink
Super Light Blue
Lime-Green
Neon Orange
Turquoise
Light Pink
Slate Grey
Light Multicolor
Indian Red
Dark Blue
Violet
Neon Coral
Medium Slate Blue
Multicolor
Gray And White
Mint
Yellow-Green
Baby Blue
Coral
Teal
Light Yellow
Light Coral
Pale Olive
Misty Rose
Peach-Puff
Off White
Light Blue
Rusty Pink
Mauve
Dark Coral
Pale Lime Green
Neon Green
Pale Orange
Neon Coral
Pink Multi
Dark Mint
Dark/Light Blue
Deep Orange
Dark Orange
Very Light Blue
Dark Pink
Plum
Lime-Green
Dark Salmon
Neon Green
Neon Orange
Cream
Neon Yellow
Light Salmon
Almond
Multicolor
Pale Rose
Powder Blue
Charcoal
Pale Peach
Bright White
Soft Lavender
Acid
Aquamarine
Royal Blue
Thulian
Neon Lime
Light Taupe
Blood Wine
Black And Ivory
Camel And Ivory
Burgundy And Ivory
Aqua Blue
Navy And Green
Aqua And White
White And Black
Brown And Ivory
Metallic White
Metallic Pink
Light Brown
Ivory And Black
Black And Olive
Olive Green
Pewter
Off White
Ivory And Green
Green And Yellow
Drab Green
Dark Green
Navy And Red
Multi-Color
Metallic Bronze
Black And Blue
Coral Red
Denim
Black & Gray
Fandango
Red And Black
Burnt Orange And Black
Green And Black
Dark Slate Grey
Dark Cyan
Sea Green
Peach Puff
Rusty Pink
Blue-Violet
pistachio
Dark Grey
Lime-Green
Bright Orange
Nude
Royal Blue
Tan
Whie
Purple And Black
Light Salmon
Ivory/Orange
Magenta And Black
Mint/Black
Mint/Beige
blush
Neon Green
Baby Blue
Dark Olive
Dark Purple
Blue Berry
Mustard
Dusty Pink
Dark Teal
Dark Peach
Tomato Red
Bright Red
Soft rose
Metallic Magenta
Olive Black
Dark Orange
Ivory/Pale Green
Pink Pastel
Emerald
Bronze
Tan
Forrest Green
Dark Mint
Jade
Natural
Hunter Green
Thyme
Wild Aster
Gray & Brown
Brick Orange
Orchid
Dark Olive
Mint Green
Dark Taupe
Black And Pink
Burgundy
Rosie Brown
Lilac
Black And Champagne
Metallic Charcoal
Champagne
Violet-Blue
Pewter
Dark Violet
Black And White
Black And Orange
Black And Brown
Gray And Black
Metallic Gray
Metallic Black
lime-green
multi-color
flowy color
tri-color
rose
bright rose
Gray And Coral
Black And Fuchsia
Neon Yellow  And Black
Black And Salmon
White And Orange
Pink And Purple
Barberry
Scarlet Red
Brown And Black
Orange And Grey
Mauve And Black
Blue And Black
Cloudy Blue
Vermilion
Light Brown
Burnt Orange
Slate Grey
Steel Blue
Aquamarine
Golden
Ivory And Salmon
Mahogany
Khaki
Gray And Beige
Aqua And Black
Cornflower Blue
Neon
Berry
Black-828HD068
Black-828HD034
Black-828HD025
Black-828FN007
Black-828JY014
Light Sea Green
Dark Beige
Caramel
Cherry Brown
Chocolate
Chocolate Browm
Chestnut
Deep Purple
Dark Multi-Color
Black And Aqua
Black And Grey
Black And Teal
Neon Yellow-Green
Cream And Black
Thistle
Rosy-Brown
Dark Gray
White And Red
Tea Rose And Beige
Ivory And Beige
Beige And Pink
Blue And Beige
Aqua And Beige
Bronze
Raspberry
Tangerine
Dark Emerald
Saddle Brown
Chestnut
Inca Gold
Mahogany Brown
Fandango
Dark Chocolate Brown
Dark Indigo
Cerise
Yellow-Lime
Light Salmon
Light Green
Neon Pink
Neon Coral
Neon Pink
Light Teal
Bright Orange
Light Purple
Maroon And Beige
Crystal Blue
Snow
Pale Red
Whipple Blue
Pale Brown
Cornsilk
Dark Grey
Faded Red
Lila
Pink And Brown
Green And Brown
1X
2X
3X
Light Blue
Light Pink
Pale Lilac
Neon Lime
Pink And Black
Ivory And Hot Pink
Beige And Coral
Goldenrod
Ivory And Brown
Blue And Pink
Tiffany Blue
Mint Cream
Mint Cream
Maroon
Burgundy
Dark Br own
Pink And Red
Red And Pink
Brink Pink And Purple
Brink Pink
Red And Green
Olive Drab
Grey,Black And White
White,Grey And Black
Grey, White And Black
Charcoal,White And Black
Olive, Grey, Slate Blue
Black, White, Light Grey
White And Grey
Grey, Black And White
Grey And White
White, Grey, Black
Fandango
Light Magenta
Charcoal
Navy And White
Pale Blue
Light Grey
Blue Berry
Dark Blue
Neon Green
Pnk
Light Steel Blue
Rainbow
Eggplant And Gray
Orange Peel
Purple And Grey
Burlywood
Deep Carmine
Beige And Green
Brown And Beige
Red And Navy
Neon Green
Brown And White
Denim
Fuchsa
Forest Green
Key Lime
Lime-Green
Peru
Aquamarine
Multicolored
Blue And Grey
Pale Burgundy
Purple And Orange
Spring Green
Orange-Red
Lemon
Pearl
Siver
Lime-Gree
Fandanngo
Dodger Blue